Config file config/config.yaml is extended by additional config specified via the command line.
Assuming unrestricted shared filesystem usage.
host: DESKTOP-G74MPKE
Building DAG of jobs...
Using shell: /usr/bin/bash
Provided cores: 4
Rules claiming more threads will be scaled down.
Job stats:
job                 count
----------------  -------
all                     1
branch_mutations        1
build_tree              1
filter_samples          1
total                   4

Select jobs to execute...
Execute 1 jobs...
[Tue Mar  3 14:55:25 2026]
localcheckpoint filter_samples:
    input: data/strain_ids/Lineage5_strain.txt
    output: depth_30/lineage_tree/Lineage5_strain_depth_30.txt
    jobid: 3
    reason: Missing output files: depth_30/lineage_tree/Lineage5_strain_depth_30.txt
    resources: tmpdir=/tmp
DAG of jobs will be updated after completion.
[Tue Mar  3 14:55:26 2026]
Finished jobid: 3 (Rule: filter_samples)
1 of 4 steps (25%) done
Updating checkpoint dependencies.
MissingInputException in rule build_tree in file "/mnt/c/Users/Administrator/Documents/UNC_projects/MTB_phy_db/lingbo/EvoResist/Snakefile_single_lineage", line 111:
Missing input files for rule build_tree:
    output: depth_30/lineage_tree/Lineage5_strain_btp.treefile, depth_30/lineage_tree/Lineage5_strain_btp.state
    affected files:
        depth_30/snv/ERR2516651.snp
        depth_30/snv/SRR7070014.snp
        depth_30/snv/ERR2707035.snp
        depth_30/snv/ERR4819464.snp
        depth_30/snv/ERR3170399.snp
        depth_30/snv/ERR4192364.snp
        depth_30/snv/ERR2706928.snp
        depth_30/snv/SRR11444372.snp
        depth_30/snv/SRR7131268.snp
        depth_30/snv/ERR3170404.snp
        depth_30/snv/ERR550904.snp
        depth_30/snv/ERR3170434.snp
        depth_30/snv/ERR2383622.snp
        depth_30/snv/ERR4872250.snp
        depth_30/snv/ERR4872094.snp
        depth_30/snv/ERR841435.snp
        depth_30/snv/ERR2510708.snp
        depth_30/snv/SRR11444083.snp
        depth_30/snv/ERR3170450.snp
        depth_30/snv/ERR552506.snp
        depth_30/snv/SRR7131211.snp
        depth_30/snv/SRR11461695.snp
        depth_30/snv/ERR3170483.snp
        depth_30/snv/ERR4872135.snp
        depth_30/snv/ERR4872077.snp
        depth_30/snv/ERR2706978.snp
        depth_30/snv/ERR4872167.snp
        depth_30/snv/ERR551566.snp
        depth_30/snv/ERR552261.snp
        depth_30/snv/ERR551005.snp
        depth_30/snv/SRR7131267.snp
        depth_30/snv/ERR3170486.snp
        depth_30/snv/SRR18715441.snp
        depth_30/snv/ERR5336170.snp
        depth_30/snv/SRR11444232.snp
        depth_30/snv/ERR2707015.snp
        depth_30/snv/ERR6359110.snp
        depth_30/snv/ERR2446146.snp
        depth_30/snv/ERR3170467.snp
        depth_30/snv/ERR4819686.snp
        depth_30/snv/ERR4192372.snp
        depth_30/snv/ERR2707097.snp
        depth_30/snv/ERR5336143.snp
        depth_30/snv/ERR3170457.snp
        depth_30/snv/ERR2383623.snp
        depth_30/snv/SRR16058620.snp
        depth_30/snv/ERR3801366.snp
        depth_30/snv/ERR2704810.snp
        depth_30/snv/ERR2383624.snp
        depth_30/snv/ERR552605.snp
        depth_30/snv/ERR2181457.snp
        depth_30/snv/ERR4192373.snp
        depth_30/snv/ERR4821913.snp
        depth_30/snv/ERR4192368.snp
        depth_30/snv/ERR3170407.snp
        depth_30/snv/ERR4821609.snp
        depth_30/snv/ERR2706945.snp
        depth_30/snv/SRR16057931.snp
        depth_30/snv/ERR3170397.snp
        depth_30/snv/SRR7069774.snp
        depth_30/snv/ERR3170413.snp
        depth_30/snv/ERR3170440.snp
        depth_30/snv/ERR4819995.snp
        depth_30/snv/ERR841438.snp
        depth_30/snv/ERR4818380.snp
        depth_30/snv/ERR4192369.snp
        depth_30/snv/ERR4192387.snp
        depth_30/snv/ERR3170423.snp
        depth_30/snv/ERR3170445.snp
        depth_30/snv/SRR7496542.snp
        depth_30/snv/ERR2513725.snp
        depth_30/snv/ERR3170491.snp
        depth_30/snv/SRR7069226.snp
        depth_30/snv/ERR5336146.snp
        depth_30/snv/SRR11444394.snp
        depth_30/snv/ERR4872233.snp
        depth_30/snv/ERR841495.snp
        depth_30/snv/SRR7070094.snp
        depth_30/snv/ERR4192545.snp
        depth_30/snv/ERR2383625.snp
        depth_30/snv/ERR550753.snp
        depth_30/snv/ERR3170461.snp
        depth_30/snv/ERR4872171.snp
        depth_30/snv/ERR4192379.snp
        depth_30/snv/ERR3170415.snp
        depth_30/snv/ERR552345.snp
        depth_30/snv/ERR2515090.snp
        depth_30/snv/SRR11444382.snp
        depth_30/snv/ERR3170435.snp
        depth_30/snv/ERR2513646.snp
        depth_30/snv/ERR4192052.snp
        depth_30/snv/ERR3806449.snp
        depth_30/snv/SRR11461703.snp
        depth_30/snv/SRR11444026.snp
        depth_30/snv/ERR4815985.snp
        depth_30/snv/ERR2383626.snp
        depth_30/snv/ERR2383619.snp
        depth_30/snv/ERR4872089.snp
        depth_30/snv/ERR3170401.snp
        depth_30/snv/ERR4816861.snp
        depth_30/snv/ERR2704809.snp
        depth_30/snv/SRR7517683.snp
        depth_30/snv/ERR4192371.snp
        depth_30/snv/ERR3170417.snp
        depth_30/snv/ERR4192050.snp
        depth_30/snv/ERR400538.snp
        depth_30/snv/ERR4821260.snp
        depth_30/snv/ERR3170488.snp
        depth_30/snv/ERR3639810.snp
        depth_30/snv/SRR16058685.snp
        depth_30/snv/ERR4829258.snp
        depth_30/snv/ERR552590.snp
        depth_30/snv/ERR551336.snp
        depth_30/snv/ERR3170459.snp
        depth_30/snv/ERR4821302.snp
        depth_30/snv/ERR552285.snp
        depth_30/snv/ERR3802173.snp
        depth_30/snv/ERR4192366.snp
        depth_30/snv/ERR3170490.snp
        depth_30/snv/ERR3170428.snp
        depth_30/snv/SRR11444034.snp
        depth_30/snv/SRR11444195.snp
        depth_30/snv/ERR4872251.snp
        depth_30/snv/ERR4192044.snp
        depth_30/snv/ERR5336151.snp
        depth_30/snv/SRR16058266.snp
        depth_30/snv/ERR4817886.snp
        depth_30/snv/ERR3170418.snp
        depth_30/snv/SRR11461650.snp
        depth_30/snv/ERR2514128.snp
        depth_30/snv/SRR11444290.snp
        depth_30/snv/ERR4192365.snp
        depth_30/snv/ERR3806818.snp
        depth_30/snv/ERR2704812.snp
        depth_30/snv/SRR11461672.snp
        depth_30/snv/ERR4192380.snp
        depth_30/snv/ERR2707067.snp
        depth_30/snv/SRR11444148.snp
        depth_30/snv/ERR3170444.snp
        depth_30/snv/ERR2707066.snp
        depth_30/snv/ERR4819099.snp
        depth_30/snv/ERR3170455.snp
        depth_30/snv/SRR11444264.snp
        depth_30/snv/ERR3170463.snp
        depth_30/snv/SRR11444072.snp
        depth_30/snv/ERR2706930.snp
        depth_30/snv/ERR3170424.snp
        depth_30/snv/ERR3170451.snp
        depth_30/snv/ERR841434.snp
        depth_30/snv/ERR552673.snp
        depth_30/snv/ERR2383618.snp
        depth_30/snv/ERR3170414.snp
        depth_30/snv/ERR551620.snp
        depth_30/snv/ERR400492.snp
        depth_30/snv/ERR4815684.snp
        depth_30/snv/ERR3170476.snp
        depth_30/snv/ERR3170419.snp
        depth_30/snv/ERR552427.snp
        depth_30/snv/ERR4829304.snp
        depth_30/snv/ERR4815311.snp
        depth_30/snv/ERR2706914.snp
        depth_30/snv/ERR2383627.snp
        depth_30/snv/ERR841433.snp
        depth_30/snv/ERR3170408.snp
        depth_30/snv/ERR4872123.snp
        depth_30/snv/ERR4815565.snp
        depth_30/snv/ERR2706910.snp
        depth_30/snv/ERR3170484.snp
        depth_30/snv/ERR552189.snp
        depth_30/snv/ERR6358859.snp
        depth_30/snv/ERR4872090.snp
        depth_30/snv/ERR4192047.snp
        depth_30/snv/ERR3170443.snp
        depth_30/snv/ERR3170402.snp
        depth_30/snv/SRR7131076.snp
        depth_30/snv/ERR2704808.snp
        depth_30/snv/ERR2514506.snp
        depth_30/snv/SRR11444206.snp
        depth_30/snv/SRR2100183.snp
        depth_30/snv/ERR3170436.snp
        depth_30/snv/ERR4814556.snp
        depth_30/snv/ERR4817456.snp
        depth_30/snv/ERR3170485.snp
        depth_30/snv/ERR3170477.snp
        depth_30/snv/SRR7069999.snp
        depth_30/snv/ERR3170465.snp
        depth_30/snv/SRR16057942.snp
        depth_30/snv/SRR11444255.snp
        depth_30/snv/SRR2101293.snp
        depth_30/snv/ERR2707138.snp
        depth_30/snv/ERR551544.snp
        depth_30/snv/ERR868539.snp
        depth_30/snv/ERR2517377.snp
        depth_30/snv/ERR551124.snp
        depth_30/snv/ERR3170471.snp
        depth_30/snv/ERR841430.snp
        depth_30/snv/ERR4192370.snp
        depth_30/snv/ERR4820818.snp
        depth_30/snv/ERR3170464.snp
        depth_30/snv/ERR3275857.snp
        depth_30/snv/ERR3275252.snp
        depth_30/snv/ERR2383621.snp
        depth_30/snv/ERR3170473.snp
        depth_30/snv/SRR7070347.snp
        depth_30/snv/ERR5330907.snp
        depth_30/snv/ERR4817658.snp
        depth_30/snv/ERR3170403.snp
        depth_30/snv/ERR2707170.snp
        depth_30/snv/ERR2512532.snp
        depth_30/snv/ERR5336150.snp
        depth_30/snv/ERR2707002.snp
        depth_30/snv/ERR2383620.snp
        depth_30/snv/ERR4872138.snp
        depth_30/snv/ERR2706950.snp
        depth_30/snv/ERR3170442.snp
        depth_30/snv/SRR16058371.snp
        depth_30/snv/SRR11444253.snp
        depth_30/snv/ERR4192367.snp
        depth_30/snv/ERR4829215.snp
        depth_30/snv/ERR4816793.snp
        depth_30/snv/ERR4192051.snp
        depth_30/snv/ERR4192053.snp
        depth_30/snv/ERR4829493.snp
        depth_30/snv/ERR3170480.snp
        depth_30/snv/ERR4872200.snp
        depth_30/snv/ERR4872093.snp
        depth_30/snv/SRR7131291.snp
        depth_30/snv/ERR4192403.snp
        depth_30/snv/ERR3170456.snp
        depth_30/snv/ERR3170441.snp
        depth_30/snv/ERR3170398.snp
        depth_30/snv/ERR841494.snp
        depth_30/snv/ERR2514205.snp
        depth_30/snv/ERR3170474.snp
        depth_30/snv/ERR4830006.snp
        depth_30/snv/SRR11444135.snp
        depth_30/snv/ERR6358707.snp
        depth_30/snv/SRR2101040.snp
        depth_30/snv/ERR3170422.snp
        depth_30/snv/ERR3170475.snp
        depth_30/snv/SRR7070516.snp
        depth_30/snv/ERR4872157.snp
