Config file config/config.yaml is extended by additional config specified via the command line.
Assuming unrestricted shared filesystem usage.
host: DESKTOP-G74MPKE
Building DAG of jobs...
Using shell: /usr/bin/bash
Provided cores: 4
Rules claiming more threads will be scaled down.
Job stats:
job                 count
----------------  -------
all                     1
branch_mutations        1
build_tree              1
filter_samples          1
total                   4

Select jobs to execute...
Execute 1 jobs...
[Tue Mar  3 15:05:06 2026]
localcheckpoint filter_samples:
    input: data/strain_ids/Lineage5_strain.txt
    output: depth_30/lineage_tree/Lineage5_strain_depth_30.txt
    jobid: 3
    reason: Missing output files: depth_30/lineage_tree/Lineage5_strain_depth_30.txt
    resources: tmpdir=/tmp
DAG of jobs will be updated after completion.
[Tue Mar  3 15:05:07 2026]
Finished jobid: 3 (Rule: filter_samples)
1 of 4 steps (25%) done
Updating checkpoint dependencies.
Select jobs to execute...
Execute 1 jobs...
[Tue Mar  3 15:05:08 2026]
localrule build_tree:
    input: depth_30/lineage_tree/Lineage5_strain_depth_30.txt, data/snv/ERR6358707.snp, data/snv/ERR6358859.snp, data/snv/ERR6359110.snp, data/snv/ERR4872200.snp, data/snv/ERR3170434.snp, data/snv/SRR11461703.snp, data/snv/ERR3170444.snp, data/snv/ERR550753.snp, data/snv/ERR2514128.snp, data/snv/SRR7070516.snp, data/snv/ERR4192380.snp, data/snv/ERR3170402.snp, data/snv/ERR3170401.snp, data/snv/ERR4819686.snp, data/snv/ERR4192403.snp, data/snv/ERR2383622.snp, data/snv/ERR5336143.snp, data/snv/ERR3639810.snp, data/snv/ERR4817886.snp, data/snv/ERR4818380.snp, data/snv/ERR2706950.snp, data/snv/ERR2706928.snp, data/snv/ERR2707035.snp, data/snv/ERR2707067.snp, data/snv/ERR552285.snp, data/snv/ERR551544.snp, data/snv/ERR2707002.snp, data/snv/ERR2707170.snp, data/snv/ERR2706945.snp, data/snv/ERR2707138.snp, data/snv/ERR2706978.snp, data/snv/ERR2706930.snp, data/snv/ERR2706914.snp, data/snv/ERR2383626.snp, data/snv/ERR2706910.snp, data/snv/ERR2383627.snp, data/snv/ERR2707015.snp, data/snv/ERR2707097.snp, data/snv/ERR2707066.snp, data/snv/ERR552673.snp, data/snv/ERR550904.snp, data/snv/ERR3170445.snp, data/snv/ERR551005.snp, data/snv/ERR551124.snp, data/snv/ERR2383624.snp, data/snv/ERR3802173.snp, data/snv/ERR3170475.snp, data/snv/ERR4872138.snp, data/snv/ERR4872157.snp, data/snv/ERR4872077.snp, data/snv/ERR4872167.snp, data/snv/ERR4872090.snp, data/snv/ERR4872089.snp, data/snv/ERR4872171.snp, data/snv/ERR4872094.snp, data/snv/ERR4872093.snp, data/snv/ERR4872123.snp, data/snv/ERR4872233.snp, data/snv/ERR2383620.snp, data/snv/ERR2383623.snp, data/snv/ERR2704812.snp, data/snv/ERR2704810.snp, data/snv/ERR2383618.snp, data/snv/ERR2516651.snp, data/snv/ERR552427.snp, data/snv/ERR3170483.snp, data/snv/SRR11461650.snp, data/snv/ERR3170428.snp, data/snv/ERR3170441.snp, data/snv/ERR552506.snp, data/snv/ERR552590.snp, data/snv/SRR7131267.snp, data/snv/ERR2510708.snp, data/snv/ERR4819995.snp, data/snv/ERR4815684.snp, data/snv/SRR7069226.snp, data/snv/SRR7070094.snp, data/snv/ERR868539.snp, data/snv/SRR7131268.snp, data/snv/SRR7517683.snp, data/snv/SRR16058620.snp, data/snv/ERR4821302.snp, data/snv/ERR4819099.snp, data/snv/ERR3170486.snp, data/snv/ERR3170408.snp, data/snv/ERR4817456.snp, data/snv/ERR4192365.snp, data/snv/ERR5336151.snp, data/snv/ERR3170461.snp, data/snv/ERR3170485.snp, data/snv/ERR3170442.snp, data/snv/ERR841430.snp, data/snv/ERR4192364.snp, data/snv/ERR3170414.snp, data/snv/ERR3170415.snp, data/snv/SRR7496542.snp, data/snv/ERR551336.snp, data/snv/ERR551566.snp, data/snv/ERR552261.snp, data/snv/ERR3170403.snp, data/snv/ERR841438.snp, data/snv/ERR4192387.snp, data/snv/ERR4192545.snp, data/snv/ERR4192368.snp, data/snv/ERR3801366.snp, data/snv/ERR4192366.snp, data/snv/ERR4829258.snp, data/snv/SRR7131291.snp, data/snv/ERR4829215.snp, data/snv/SRR7131211.snp, data/snv/ERR4820818.snp, data/snv/ERR4819464.snp, data/snv/ERR4830006.snp, data/snv/ERR3170417.snp, data/snv/ERR4817658.snp, data/snv/ERR4192372.snp, data/snv/ERR2512532.snp, data/snv/SRR7069999.snp, data/snv/ERR2446146.snp, data/snv/ERR3275252.snp, data/snv/ERR2517377.snp, data/snv/ERR841433.snp, data/snv/ERR3170476.snp, data/snv/ERR3170424.snp, data/snv/ERR3170465.snp, data/snv/ERR3170464.snp, data/snv/ERR5336150.snp, data/snv/ERR4872135.snp, data/snv/ERR5336170.snp, data/snv/ERR552605.snp, data/snv/ERR3806449.snp, data/snv/ERR551620.snp, data/snv/SRR16057942.snp, data/snv/ERR4192367.snp, data/snv/ERR2514506.snp, data/snv/SRR16058685.snp, data/snv/ERR3806818.snp, data/snv/SRR2101040.snp, data/snv/SRR16057931.snp, data/snv/ERR4815985.snp, data/snv/ERR4815311.snp, data/snv/SRR16058371.snp, data/snv/ERR5336146.snp, data/snv/ERR5330907.snp, data/snv/ERR2513725.snp, data/snv/ERR400538.snp, data/snv/ERR4816793.snp, data/snv/SRR18715441.snp, data/snv/SRR7131076.snp, data/snv/ERR4829304.snp, data/snv/ERR3170471.snp, data/snv/SRR2100183.snp, data/snv/SRR16058266.snp, data/snv/ERR3275857.snp, data/snv/SRR7069774.snp, data/snv/ERR2513646.snp, data/snv/ERR3170467.snp, data/snv/SRR11461672.snp, data/snv/ERR2514205.snp, data/snv/SRR7070014.snp, data/snv/ERR3170419.snp, data/snv/ERR2383625.snp, data/snv/ERR3170477.snp, data/snv/ERR4192379.snp, data/snv/ERR4192370.snp, data/snv/ERR4192371.snp, data/snv/ERR2383619.snp, data/snv/ERR2704809.snp, data/snv/ERR4829493.snp, data/snv/ERR4192369.snp, data/snv/ERR4192373.snp, data/snv/ERR4872250.snp, data/snv/ERR4872251.snp, data/snv/ERR4821260.snp, data/snv/ERR4821913.snp, data/snv/ERR3170418.snp, data/snv/ERR3170455.snp, data/snv/ERR3170456.snp, data/snv/ERR4816861.snp, data/snv/ERR3170484.snp, data/snv/ERR2383621.snp, data/snv/ERR3170407.snp, data/snv/SRR11444072.snp, data/snv/ERR3170397.snp, data/snv/ERR3170398.snp, data/snv/ERR841434.snp, data/snv/SRR11444148.snp, data/snv/ERR4192050.snp, data/snv/ERR2515090.snp, data/snv/ERR552345.snp, data/snv/ERR2704808.snp, data/snv/ERR3170473.snp, data/snv/ERR3170435.snp, data/snv/SRR11444026.snp, data/snv/SRR7070347.snp, data/snv/SRR11444255.snp, data/snv/ERR4814556.snp, data/snv/ERR3170440.snp, data/snv/ERR3170404.snp, data/snv/SRR11444083.snp, data/snv/ERR4815565.snp, data/snv/SRR11444034.snp, data/snv/ERR4192053.snp, data/snv/SRR11444195.snp, data/snv/ERR4192052.snp, data/snv/SRR11444264.snp, data/snv/SRR11444206.snp, data/snv/SRR11444394.snp, data/snv/ERR3170480.snp, data/snv/SRR11444382.snp, data/snv/ERR3170490.snp, data/snv/ERR841494.snp, data/snv/SRR11444232.snp, data/snv/ERR3170459.snp, data/snv/SRR11444253.snp, data/snv/ERR4192047.snp, data/snv/ERR2181457.snp, data/snv/ERR3170463.snp, data/snv/ERR3170457.snp, data/snv/ERR3170436.snp, data/snv/SRR11444290.snp, data/snv/ERR3170450.snp, data/snv/ERR3170451.snp, data/snv/ERR4192051.snp, data/snv/SRR11444135.snp, data/snv/SRR11444372.snp, data/snv/ERR3170488.snp, data/snv/ERR3170423.snp, data/snv/ERR3170491.snp, data/snv/ERR400492.snp, data/snv/ERR4192044.snp, data/snv/ERR3170443.snp, data/snv/ERR3170399.snp, data/snv/ERR3170413.snp, data/snv/ERR552189.snp, data/snv/ERR841495.snp, data/snv/ERR841435.snp, data/snv/ERR3170474.snp, data/snv/ERR3170422.snp, data/snv/SRR11461695.snp, data/snv/SRR2101293.snp, data/snv/ERR4821609.snp, data/tb.ancestor.concatenated.fasta, data/tb.ancestor.fasta
    output: depth_30/lineage_tree/Lineage5_strain_btp.treefile, depth_30/lineage_tree/Lineage5_strain_btp.state
    jobid: 2
    reason: Missing output files: depth_30/lineage_tree/Lineage5_strain_btp.state, depth_30/lineage_tree/Lineage5_strain_btp.treefile
    threads: 4
    resources: tmpdir=/tmp, mem_mb=200000, mem=200 GB, mem_mib=190735
[Tue Mar  3 15:29:16 2026]
Finished jobid: 2 (Rule: build_tree)
2 of 4 steps (50%) done
Select jobs to execute...
Execute 1 jobs...
[Tue Mar  3 15:29:16 2026]
localrule branch_mutations:
    input: depth_30/lineage_tree/Lineage5_strain_btp.treefile, depth_30/lineage_tree/Lineage5_strain_btp.state, data/RLC_lowmapK50E4_H37Rv_pos.txt, data/tb.ancestor.fasta
    output: depth_30/lineage_ann/Lineage5_strain.ann
    jobid: 1
    reason: Missing output files: depth_30/lineage_ann/Lineage5_strain.ann; Input files updated by another job: depth_30/lineage_tree/Lineage5_strain_btp.state, depth_30/lineage_tree/Lineage5_strain_btp.treefile
    threads: 4
    resources: tmpdir=/tmp, mem_mb=20000, mem=20 GB, mem_mib=19074
[Tue Mar  3 15:29:46 2026]
Finished jobid: 1 (Rule: branch_mutations)
3 of 4 steps (75%) done
Select jobs to execute...
Execute 1 jobs...
[Tue Mar  3 15:29:46 2026]
localrule all:
    input: depth_30/lineage_ann/Lineage5_strain.ann
    jobid: 0
    reason: Input files updated by another job: depth_30/lineage_ann/Lineage5_strain.ann
    resources: tmpdir=/tmp
[Tue Mar  3 15:29:46 2026]
Finished jobid: 0 (Rule: all)
4 of 4 steps (100%) done
Complete log(s): /mnt/c/Users/Administrator/Documents/UNC_projects/MTB_phy_db/lingbo/EvoResist/.snakemake/log/2026-03-03T150505.835277.snakemake.log
